main.c:116:5:main	112	static
main.c:745:6:SystemClock_Config	88	static
main.c:790:13:MX_ADC1_Init	56	static
main.c:856:13:MX_SPI3_Init	8	static
main.c:894:13:MX_TIM3_Init	32	static
main.c:939:13:MX_TIM11_Init	8	static
main.c:970:13:MX_USART2_UART_Init	8	static
main.c:1001:13:MX_DMA_Init	16	static
main.c:1019:13:MX_GPIO_Init	48	static
main.c:1071:6:MCP4922SetOutput	24	static
main.c:1078:6:HAL_SPI_TxCpltCallback	16	static
main.c:1086:9:UARTRecieveIT	16	static
main.c:1096:6:HAL_UART_RxCpltCallback	16	static
main.c:1101:6:HAL_TIM_PeriodElapsedCallback	24	static
main.c:1109:17:micros	12	static
main.c:1119:6:Error_Handler	4	static,ignoring_inline_asm
