main.c:116:5:main	128	static
main.c:793:6:SystemClock_Config	88	static
main.c:838:13:MX_ADC1_Init	56	static
main.c:904:13:MX_SPI3_Init	8	static
main.c:942:13:MX_TIM3_Init	32	static
main.c:987:13:MX_TIM11_Init	8	static
main.c:1018:13:MX_USART2_UART_Init	8	static
main.c:1049:13:MX_DMA_Init	16	static
main.c:1067:13:MX_GPIO_Init	48	static
main.c:1119:6:MCP4922SetOutput	24	static
main.c:1126:6:HAL_SPI_TxCpltCallback	16	static
main.c:1134:9:UARTRecieveIT	16	static
main.c:1144:6:HAL_UART_RxCpltCallback	16	static
main.c:1149:6:HAL_TIM_PeriodElapsedCallback	24	static
main.c:1157:17:micros	12	static
main.c:1167:6:Error_Handler	4	static,ignoring_inline_asm
